[evaluate] target articles: 112
[evaluate] backup written: /Users/nori/Desktop/indobiz_japan/scripts/cleanup-backup/backup-2026-05-27T03-05-47-505Z.json
  [2/112] REVISION インド・ベトナム、インフラDX連携へ――「包括的戦略的パートナーシップ」が映す南
  [3/112] REVISION インドのPLI制度が電子機器製造を牽引、スマートフォン輸出奨励策も拡充
  [4/112] REVISION インド主要都市の燃料・金価格動向——2026年5月時点の市場概況
  [1/112] REVISION モディ首相が予算後ウェビナーで描く成長戦略：ケア経済・製造業・女性活躍の三本柱
  [5/112] REVISION 西ベンガル州選挙後の混乱と政局の再編成
  [6/112] REVISION インドにおける半導体産業の新たな展開
  [8/112] REVISION インドのGDP成長率、6.6%に下方修正される見通し
  [7/112] REVISION インディアでの偽札と犯罪の動向
  [10/112] REVISION インド内閣、グジャラート州で半導体2拠点を承認——累計投資額165億ドル規模に
  [9/112] REVISION インド準備銀行が金の国内回帰を加速——その背景にある地政学的リスクと中央銀行の新
  [11/112] REVISION インド独占禁止当局がペルノ・リカールの流通慣行を調査へ——外資酒類大手に警戒感
  [12/112] REVISION 中東危機が直撃するインドエネルギー市場——月3兆円規模の損失を国営石油会社が吸収
  [13/112] REVISION バイオコン、バイオシミラー事業の本格拡大でFY27後半に収益加速へ
  [14/112] REVISION インド即時家事代行サービス市場で激化する競争、Urban CompanyのIns
  [15/112] REVISION インド中銀が政策金利を据え置き、2026年度のGDP成長率を6.9%と予測
  [16/112] REVISION インド半導体産業の現在地——国家支援策と主要プレイヤーが描く成長シナリオ
  [17/112] REVISION 仏アコーが2030年までにインドで300ホテル体制へ——国内富裕層需要を追い風に
  [18/112] REVISION タタ教育信託における権力闘争の深化
  [20/112] REVISION インド市場における外国投資の減少傾向
  [19/112] REVISION インドにおけるギグワーカーの社保制度改革
  [21/112] REVISION インド経済への影響をもたらす高騰する原油価格
  [22/112] REVISION ペルノ・リカール、インド市場における独占行為で調査開始
  [23/112] REVISION ノバルティス、インドにおけるイノベーション戦略を強化
  [24/112] REVISION エアビーのインド市場、国内旅行者に支えられ成長加速中
  [25/112] REVISION エネルギー価格高騰に対処するインド政府の新たな方針
  [26/112] REVISION インドの第8中央給与委員会が始動、重要な人事も発表
  [27/112] REVISION Samsung、インドで『Solve for Tomorrow』の第5版を発表
  [28/112] REVISION インドとベトナム、数十億ドル規模のビジネス提携が進展
  [29/112] REVISION インド準備銀行、レポ金利を5.25％に据え置き
  [30/112] REVISION インド政府、FTA活用計画の策定に着手
  [31/112] REVISION インド、エネルギー価格の安定を維持するために巨額の損失を被る
  [32/112] REVISION インド映画の興行成績: 現在のトレンドと動向
  [33/112] REVISION インド経済を揺るがすAI雇用ショックの行方
  [34/112] REVISION インドの航空機製造を後押しするPLI制度の可能性
  [35/112] REVISION インド経済成長の持続と製造業の強化に向けたモディ首相の提言
  [36/112] REVISION インドの貸出市場で急成長を遂げるAxis Bankの戦略
  [37/112] REVISION インド予算がインフラと製造業に注力する理由
  [38/112] REVISION インド・モディ首相の金購入自粛呼びかけとその背景
  [40/112] REVISION インド株式投資信託の流入額は減少も、依然として健全な資金循環
  [39/112] REVISION インド国民への資源節約の呼びかけ、PMモディの狙い
  [41/112] REVISION インド経済の安定化に向けた改革の必要性
  [42/112] REVISION インドのAIモデル開発の必要性と未来展望
  [43/112] REVISION インド金属リサイクル市場の躍進と消費者の変化
  [44/112] REVISION インドの金融プラットフォームGroww、投資家が498百万ドルの利益を想定
  [45/112] REVISION インド企業の財務結果発表に向けたボードミーティングの予定
  [46/112] REVISION インド、為替を守るための新たな措置を模索
  [47/112] REVISION 西ベンガル州の選挙後に高まる緊張と暴力の影響
  [48/112] REVISION インド企業、モディ首相の在宅勤務呼びかけに応じた柔軟な対応を模索
  [49/112] REVISION インド経済の減速と金価格の影響を探る
  [50/112] REVISION インド企業の株式配分に関する重要な動き
  [51/112] REVISION インドのEV目標に立ちはだかる自動車PLI制度の課題
  [52/112] REVISION インド政府、経済危機を見据えた節約策を導入
  [53/112] REVISION インド経済の先行きに影を落とす西アジア情勢
  [55/112] REVISION インド、金の購入を控えるよう国民に呼びかけ
  [54/112] REVISION インド市場における海運業の展望と収益増加の見通し
  [57/112] REVISION 食料価格高騰が引き起こすインドの小売インフレの動向
  [56/112] REVISION インドの燃料小売業者の損失克服の見通し
  [58/112] REVISION インド・ルピーの記録的な低下とその影響
  [59/112] REVISION インドのインフレ率が食品価格上昇で4ヶ月ぶりの高水準に
  [60/112] REVISION インド市場における企業の四半期決算発表の動向
  [61/112] REVISION インド政府、ロシア産LNGの受け入れを拒否
  [63/112] REVISION インド経済に影を落とす中東危機と物価高の影響
  [62/112] REVISION インドのモディ首相、5カ国訪問を敢行へ
  [65/112] REVISION インド、外貨送金規制を緩和 – 新たな国際ビジネス機会の扉を開く
  [64/112] REVISION インド経済の動向と新たな政策措置
  [67/112] REVISION インドのファンド市場、フレキシブルキャップファンドが8ヶ月連続でリード
  [66/112] REVISION 最近の健康保険プランの選択肢: トップアップとスーパートップアップ
  [68/112] REVISION インドにおける債券投資の失敗を避けるために知っておくべきこと
  [69/112] REVISION ストリーミングプラットフォームがテレビ広告市場を席巻
  [70/112] REJECT   航空業界における操縦士訓練の重要性
  [72/112] REVISION インド経済の見通し：成長率6.6%とインフレ率5.1%の予測
  [71/112] REVISION 2026年度のインド企業決算、好調な業績を報告
  [73/112] REVISION 急増する宝飾品需要と金への影響
  [74/112] REVISION インド、2026年度に1兆ドルの輸出目標を設定
  [75/112] REVISION コウリ選手の9回目のIPLトンでRCBがKKRを下す
  [76/112] REVISION インドの金輸入関税引き上げが直面する課題と影響
  [78/112] REVISION 原油高で始まるも急反発、インド株の銘柄差が浮き彫りに—Muthoot急落とIT・
  [77/112] REVISION ウッタル・プラデシュを襲った暴風雨、死者111人に及ぶ被害の実態
  [79/112] REVISION ホルムズ通航と首都会合が突き付けたインドの航路・燃料リスク再認識
  [80/112] REVISION 4月に浮上、SUVと二輪がけん引するインド自動車市場と輸出回避の事情
  [81/112] REVISION タタ財団の理事会が差し止め　統治と上場巡る緊張再燃
  [84/112] REVISION UAEと合意したLPG・戦略備蓄、インドのエネルギー安全はどう変わるか
  [83/112] REVISION ラピド、評価額30億ドルで2.4億ドル調達──規制リスクも鮮明に
  [82/112] REVISION 景気堅調の裏で透けるリスク──インド政策・市場の今後を読む
  [85/112] REVISION ラブロフ訪印で浮上するエネルギー連携と貿易野心の現実味
  [86/112] REVISION JBL80年の節目とインドで進む音響技術の潮流
  [88/112] REVISION 自治体と企業が探るインド連携の現場感──地方発の商機と防衛分野の台頭
  [89/112] PASS     輸出燃料課税の変更が示すインドの国内確保優先戦略
  [87/112] REVISION “高機能”過多が招く自動車選びの混迷――シンプルニーズの復権を読む
  [90/112] REVISION 外資系銀行の大型出資承認が示すインド銀行再編の潮流
  [91/112] REVISION タタ・スチール、FY26は増収・利益急拡大　日本企業が注視すべき点
  [92/112] REVISION 「ゴールデンルート超え」の潮流──インドが日本インバウンドの次のブルーオーシャン
  [93/112] REVISION 浜松市がインド経済界との常設協議体を創設、若者・スタートアップ交流を強化
  [94/112] REVISION インド・UAEが防衛とエネルギーで連携強化、企業に迫る実務課題
  [96/112] REVISION 北京の“内廷”と新デリー会合、米中接触とBRICSが示す潮流
  [97/112] PASS     インド上場企業、SDD提出で守るインサイダー規制の実務
  [95/112] REVISION ロシア産原油の米国「猶予」失効と印度の外交展開が示すエネルギーの再編
  [98/112] REVISION HCLTechが主導するSarvam AIへの3億ドル投資が示すインドAI勢力図
  [99/112] REVISION スーラトで地方版「Vibrant Gujarat」第3弾、地域投資の加速狙う
  [101/112] REVISION デリーのATF税率大幅引き下げが示す航空コストの潮目と四半期決算の波及
  [100/112] REVISION 成長の勢いに陰り、インド経済が世界6位へ後退した影響とリスク
  [102/112] REVISION イラン紛争の余波と追い風――インド経済を取り巻く資源・物価・投資の新局面
  [104/112] PASS     原材料高と燃料値上げが押し寄せる――インドの卸売物価が3年半ぶり高水準に
  [103/112] REVISION オランダ企業に向けた“設計・製造”招請──印蘭関係の戦略的格上げと示唆
  [107/112] PASS     浜松市、インド経済界と協議体を設立　交流と事業誘致を加速
  [105/112] REVISION 地域銀行が伝える「インド展開」の現場感――山形銀行のセミナーが示すもの
  [106/112] REVISION タタ・トラストの理事会一時停止、上場論争と規制介入が露呈
  [108/112] REVISION インド、銀の輸入規制強化──為替防衛が背景に
  [109/112] REVISION AZECを起点に広がる脱炭素ビジネスの潮流と日系企業への示唆
  [110/112] REVISION インド物価：低位安定でも食品・燃料の波が示す不確実性
  [111/112] REVISION トヨタ、インドに新完成車工場を建設へ――市場本格化の局面
  [112/112] REVISION ベトナムの対印・対スリランカ経済連携が加速、日本企業にも波及の機会

[evaluate] ===== summary =====
  PASS:     4
  REVISION: 107  (rewrite ok: 107, failed: 0)
  REJECT:   1
  ERROR:    0

[evaluate] REJECT list (will be DELETED on apply):
  - 9abd77bd-82fb-4c24-bcd3-9c52fffe2aa0 | 航空業界における操縦士訓練の重要性
      記事にインド関連の記述が一切なく、インド市場を主題にしていないため評価基準Aを満たしていない。 / 日本企業への示唆はあるが、記事全体が米国NTSBの提言に基づく一般論であり、インド市場固有の示唆や行動指針がないため本媒体の読者価値に乏しい。 / 業界タグが'logistics'となっているが、本文は航空の操縦士訓練に関する内容でタグと整合しておらず（C/Dの不整合）、カテゴリ'regulation'との整合性も不十分に感じられる。 / 本文後半にある『為替、物流、人材、法規制』などの一般的な意思決定指針が記事の主題と乖離しており、示唆が汎用的で具体性に欠ける。

[evaluate] results written: /Users/nori/Desktop/indobiz_japan/scripts/cleanup-backup/results-2026-05-27T03-05-47-505Z.json
[evaluate] to apply: npx tsx scripts/cleanup-old-articles.ts apply /Users/nori/Desktop/indobiz_japan/scripts/cleanup-backup/results-2026-05-27T03-05-47-505Z.json
EXIT 0
